exports[`Pollution renders correctly 1`] = `
ExtensibleStyleSheet {
  "_options": Object {
    "bigComponent": Object {
      "alignItems": "stretch",
      "alignSelf": "stretch",
      "flexWrap": "wrap",
      "justifyContent": "space-between",
      "paddingHorizontal": 10,
      "paddingVertical": 15,
    },
    "elevatedView": Object {
      "alignItems": "center",
      "backgroundColor": "white",
      "justifyContent": "space-between",
      "margin": 0,
    },
    "singleCTitle": Object {
      "marginLeft": 5,
    },
    "singleElevatedView": Object {
      "marginBottom": 15,
    },
  },
  "_styles": Object {
    "bigComponent": Object {
      "alignItems": "stretch",
      "alignSelf": "stretch",
      "flexWrap": "wrap",
      "justifyContent": "space-between",
      "paddingHorizontal": 10,
      "paddingVertical": 15,
    },
    "elevatedView": Object {
      "alignItems": "center",
      "backgroundColor": "white",
      "justifyContent": "space-between",
      "margin": 0,
    },
    "singleCTitle": Object {
      "marginLeft": 5,
    },
    "singleElevatedView": Object {
      "marginBottom": 15,
    },
  },
  "_variables": Object {},
  "bigComponent": Object {
    "alignItems": "stretch",
    "alignSelf": "stretch",
    "flexWrap": "wrap",
    "justifyContent": "space-between",
    "paddingHorizontal": 10,
    "paddingVertical": 15,
  },
  "elevatedView": Object {
    "alignItems": "center",
    "backgroundColor": "white",
    "justifyContent": "space-between",
    "margin": 0,
  },
  "singleCTitle": Object {
    "marginLeft": 5,
  },
  "singleElevatedView": Object {
    "marginBottom": 15,
  },
}
`;
